// Jest Snapshot v1, https://goo.gl/fbAQLP

exports[`Should Title match to snapshot 1`] = `
<h1>
  TÃ­tulo
</h1>
`;
